[+] Building 100.3s (15/15) FINISHED                             docker:default
 => [internal] load build definition from Dockerfile                       0.0s
 => => transferring dockerfile: 3.64kB                                     0.0s
 => [internal] load metadata for docker.io/library/python:3.11.10-slim-bo  1.1s
 => [internal] load .dockerignore                                          0.0s
 => => transferring context: 2B                                            0.0s
 => CACHED [ 1/10] FROM docker.io/library/python:3.11.10-slim-bookworm@sh  0.1s
 => => resolve docker.io/library/python:3.11.10-slim-bookworm@sha256:840e  0.1s
 => [internal] load build context                                          0.1s
 => => transferring context: 4.80kB                                        0.1s
 => [ 2/10] RUN apt-get update     && apt-get install -y --no-install-re  29.6s
 => [ 3/10] WORKDIR /app                                                   0.2s 
 => [ 4/10] RUN pip install --no-cache-dir         pip==24.3.1         s  16.8s 
 => [ 5/10] COPY requirements.txt /app/requirements.txt                    0.2s 
 => [ 6/10] RUN pip install --no-cache-dir         aiogram==3.17.0        35.5s 
 => [ 7/10] COPY src/ /app/src/                                            0.3s 
 => [ 8/10] COPY pytest.ini /app/pytest.ini                                0.1s 
 => [ 9/10] RUN groupadd --system --gid 1001 botgroup     && useradd --sy  1.0s 
 => [10/10] WORKDIR /app/src                                               0.2s 
 => exporting to image                                                    14.8s 
 => => exporting layers                                                    9.0s 
 => => exporting manifest sha256:12a892dc2eaa46ba49858e2a2eed48bd71d55729  0.0s
 => => exporting config sha256:79977ff3e454c2fd80feae26981c76e95c10b5011f  0.0s
 => => exporting attestation manifest sha256:aa378942e3ed4547b5c65ecd7875  0.0s
 => => exporting manifest list sha256:bf3e13fc8ed4800bd586f914d7b76301a2d  0.0s
 => => naming to docker.io/library/mse-employee-bot:latest                 0.0s
 => => unpacking to docker.io/library/mse-employee-bot:latest              5.6s
